main.c:95:6:HAL_UART_RxCpltCallback	16	static
main.c:109:5:main	72	static
main.c:199:6:SystemClock_Config	136	static
main.c:251:13:MX_CRC_Init	8	static
main.c:277:13:MX_DMA2D_Init	8	static
main.c:314:13:MX_I2C3_Init	8	static
main.c:360:13:MX_LTDC_Init	64	static
main.c:422:13:MX_SPI5_Init	8	static
main.c:460:13:MX_TIM1_Init	32	static
main.c:506:13:MX_TIM10_Init	8	static
main.c:537:13:MX_UART5_Init	8	static
main.c:570:13:MX_USART1_UART_Init	8	static
main.c:599:13:MX_FMC_Init	40	static
main.c:650:13:MX_GPIO_Init	64	static
main.c:741:6:StartDefaultTask	16	static
main.c:761:6:StartLtdcTask	16	static
main.c:781:6:HAL_TIM_PeriodElapsedCallback	16	static
main.c:801:6:Error_Handler	4	static
