main.c:96:6:HAL_UART_RxCpltCallback	16	static
main.c:111:5:main	72	static
main.c:201:6:SystemClock_Config	136	static
main.c:253:13:MX_CRC_Init	8	static
main.c:279:13:MX_DMA2D_Init	8	static
main.c:316:13:MX_I2C3_Init	8	static
main.c:362:13:MX_LTDC_Init	64	static
main.c:424:13:MX_SPI5_Init	8	static
main.c:462:13:MX_TIM1_Init	32	static
main.c:508:13:MX_TIM10_Init	8	static
main.c:539:13:MX_UART5_Init	8	static
main.c:572:13:MX_USART1_UART_Init	8	static
main.c:601:13:MX_FMC_Init	40	static
main.c:652:13:MX_GPIO_Init	64	static
main.c:743:6:StartDefaultTask	16	static
main.c:763:6:StartLtdcTask	16	static
main.c:783:6:HAL_TIM_PeriodElapsedCallback	48	static
main.c:807:6:Error_Handler	4	static
