stm32f4xx_it.c:79:6:NMI_Handler	4	static
stm32f4xx_it.c:92:6:HardFault_Handler	4	static
stm32f4xx_it.c:107:6:MemManage_Handler	4	static
stm32f4xx_it.c:122:6:BusFault_Handler	4	static
stm32f4xx_it.c:137:6:UsageFault_Handler	4	static
stm32f4xx_it.c:152:6:DebugMon_Handler	4	static
stm32f4xx_it.c:172:6:TIM1_UP_TIM10_IRQHandler	8	static
stm32f4xx_it.c:187:6:UART5_IRQHandler	8	static
stm32f4xx_it.c:201:6:TIM6_DAC_IRQHandler	8	static
stm32f4xx_it.c:215:6:OTG_HS_IRQHandler	8	static
stm32f4xx_it.c:229:6:LTDC_IRQHandler	8	static
stm32f4xx_it.c:243:6:LTDC_ER_IRQHandler	8	static
stm32f4xx_it.c:257:6:DMA2D_IRQHandler	8	static
