Presenter.hpp:42:18:virtual void touchgfx::Presenter::activate()	16	static
Presenter.hpp:54:18:virtual void touchgfx::Presenter::deactivate()	16	static
Presenter.hpp:65:13:touchgfx::Presenter::~Presenter()	16	static
Presenter.hpp:65:13:virtual touchgfx::Presenter::~Presenter()	16	static
Presenter.hpp:78:5:touchgfx::Presenter::Presenter()	16	static
ModelListener.hpp:9:5:ModelListener::ModelListener()	16	static
ModelListener.hpp:11:13:ModelListener::~ModelListener()	16	static
ModelListener.hpp:11:13:virtual ModelListener::~ModelListener()	16	static
StartScreenPresenter.hpp:28:13:StartScreenPresenter::~StartScreenPresenter()	16	static
StartScreenPresenter.hpp:28:13:virtual StartScreenPresenter::~StartScreenPresenter()	16	static
StartScreenPresenter.cpp:4:1:StartScreenPresenter::StartScreenPresenter(StartScreenView&)	16	static
StartScreenPresenter.cpp:10:6:virtual void StartScreenPresenter::activate()	16	static
StartScreenPresenter.cpp:15:6:virtual void StartScreenPresenter::deactivate()	16	static
